// Jest Snapshot v1, https://goo.gl/fbAQLP

exports[`Portfolio should match the snapshot 1`] = `
<section
  className="section_portfolio"
>
  <Fade
    left={true}
  >
    <div
      aria-label="notification of portfolio page"
      className="portfolio_banner"
    >
      <div
        aria-label=""
        className="portfolio_img"
        style={
          Object {
            "backgroundImage": "linear-gradient(rgba(255, 252, 252, 0.25), rgba(255, 254, 254, 0.15)), url(Laurana_Article_Image.jpg)",
          }
        }
      >
        <h2
          className="portfolio_banner-h2"
        >
          Our Portfolio
        </h2>
      </div>
    </div>
  </Fade>
  <p
    className="portfolio_description-paragraph"
  >
    Whether working with a home owner to replace a plumbing appliance, a landlord to make tenant improvements, or a commercial contractor to install a buildingâ€™s plumbing and hydronic system, our commitment to quality of service and workmanship is why we are trusted across the South Sound region.
    <br />
    <br />
    Prior to starting Ridgecreek Plumbing, Garth was a UA member in several different states, working under various plumbing codes. He believed in the standard of excellence established by the UA, which can be found
    <a
      className="portfolio_info-links"
      href="https://uanet.org/pdf/docs/Stand_For_Excellence.pdf"
      rel="noopener noreferrer"
      target="_blank"
    >
      here.
    </a>
    He believed in the standard of safety established by the UA, which can be found
    <a
      className="portfolio_info-links"
      href="https://uanet.org/pdf/docs/Stand_For_Safety_Brochure.pdf"
      rel="noopener noreferrer"
      target="_blank"
    >
      here
    </a>
    Ridgecreek Plumbing, LLC is also a member of the Olympia Master Builders Association. A link to their website is
    <a
      className="portfolio_info-links"
      href="https://omb.org/"
      rel="noopener noreferrer"
      target="_blank"
    >
      here
    </a>
    <br />
    <br />
    Select a category below to see more information.
  </p>
  <ul
    className="portfolio_navigation-bar"
  >
    <li
      className="portfolio_nav-li"
    >
      <Link
        activeClassName="link-is_active"
        className="portfolio_link-normal"
        to="/all"
      >
        ALL
      </Link>
    </li>
    <li
      className="portfolio_nav-li"
    >
      <Link
        activeClassName="link-is_active"
        className="portfolio_link-normal"
        to="/projects/residential"
      >
        RESIDENTIAL
      </Link>
    </li>
    <li
      className="portfolio_nav-li"
    >
      <Link
        activeClassName="link-is_active"
        className="portfolio_link-normal"
        to="/projects/commercial"
      >
        COMMERCIAL
      </Link>
    </li>
    <li
      className="portfolio_nav-li"
    >
      <Link
        activeClassName="link-is_active"
        className="portfolio_link-normal"
        to="/projects/mixedUse"
      >
        MIXED USE
      </Link>
    </li>
    <li
      className="portfolio_nav-li"
    >
      <Link
        activeClassName="link-is_active"
        className="portfolio_link-normal"
        to="/projects/hospitality"
      >
        HOSPITALITY
      </Link>
    </li>
  </ul>
  <section
    className="portfolio_main"
  />
</section>
`;
