// Jest Snapshot v1, https://goo.gl/fbAQLP

exports[`Container should match the snapshot 1`] = `
<Fragment>
  <Route
    exact={true}
    path="/projects/:type"
    render={[Function]}
  />
  <Route
    exact={true}
    path="/all"
    render={[Function]}
  />
</Fragment>
`;
