// Jest Snapshot v1, https://goo.gl/fbAQLP

exports[`App should match the snapshot 1`] = `
<Fragment>
  <Nav />
  <Container />
  <Switch>
    <Route
      exact={true}
      path="/"
      render={[Function]}
    />
    <Route
      path="/portfolio"
      render={[Function]}
    />
    <Route
      path="/services"
      render={[Function]}
    />
    <Route
      path="/contact"
      render={[Function]}
    />
  </Switch>
  <Footer />
</Fragment>
`;
